=== ltr us-dyn-5p model=1 periods=5 scalar=global start 2026-08-20T12:21:07 ===
binary: <ENGINE-MODERN-LTR>\engine-modern\build\release\dwnominate-modern.exe
============================================================
  DW-NOMINATE C++ CLI
============================================================

Configuracion:
  Input:      <HOME>\Documents\GitHub\quevotan-api\nominate_cmodule\benchmarks\us\cpp_input
  Output:     <QUEVOTAN-DB>\reproduce\out\final-2026-08-21\us-dyn-5p\modern-ltr-global
  WNOMINATE:  <HOME>\Documents\GitHub\quevotan-api\nominate_cmodule\benchmarks\us\cpp_input\wnominate_coordinates.csv
  Modelo:     1 (lineal)
  Iteraciones:4
  Periodos:   5
  Dimensiones:2
  Beta:       5.9539
  W2:         0.3463

  Redondeo:   precision completa
  NLopt:      standard (xtol=1e-08, ftol=1e-10)
  Maxeval:    scalar=120, rollcall=400, legislador=600
  Solver:     slsqp (fallback COBYLA)
  Escalares:  global (caja global experimental)
  Schedule:   fijo
  Threads:    1

Cargando datos...
  Ref. R:     output_R_dwnominate_model1
  Pesos iniciales: W1=1.0, W2=0.3463, Beta=5.9539
  W-NOMINATE: Cargadas 168 coordenadas iniciales desde <HOME>\Documents\GitHub\quevotan-api\nominate_cmodule\benchmarks\us\cpp_input\wnominate_coordinates.csv
  Coordenadas aplicadas: 0 per-(leg,periodo), 523 per-legislador, 0 fallback
dwnominate-modern.exe : Advertencia: No se puede abrir output_R_dwnominate_model1/dwnominate_bill_parameters.csv
At line:24 char:7
+       & "$bld\dwnominate-modern.exe" "--input-dir=$($pn.inp)" "--outp ...
+       ~~~~~~~~~~~~~~~~~~~~~~~~~~~~~~~~~~~~~~~~~~~~~~~~~~~~~~~~~~~~~~~
    + CategoryInfo          : NotSpecified: (Advertencia: No..._parameters.csv:String) [], RemoteException
    + FullyQualifiedErrorId : NativeCommandError
 
  Legisladores: 523
  Roll calls:   2940

Ejecutando DW-NOMINATE...
[TIMING iter 1] WINT=0.159574s, SIGMAS=0.151053s, RC=1.99286s, LEG=0.42843s, LL=-162490, Total=2.81511s
[TIMING iter 2] WINT=0.279255s, SIGMAS=0.284523s, RC=4.05127s, LEG=0.964864s, LL=-52680.9, Total=5.81038s
[TIMING iter 3] WINT=0.450481s, SIGMAS=0.458782s, RC=5.92612s, LEG=1.44822s, LL=-41984.6, Total=8.60271s
[TIMING iter 4] WINT=0.564283s, SIGMAS=0.611245s, RC=7.73601s, LEG=1.94971s, LL=-38347, Total=11.2669s

========== RESUMEN DE TIEMPOS ==========
  WINT (pesos):      0.564283 segundos
  SIGMAS (beta):     0.611245 segundos
  RC (roll calls):   7.73601 segundos
  LEG (legisladores):1.94971 segundos
  TOTAL FASES:       10.8612 segundos
==========================================


Resultados:
  Log-likelihood: -38346.9703
  Iteraciones:    4
  Clasificacion:  227539/244247 (93.16%)
  W1=1.0000, W2=1.2910, Beta=3.4609
  Tiempo: 11.3s

Exportando resultados...
Exportado: <QUEVOTAN-DB>\reproduce\out\final-2026-08-21\us-dyn-5p\modern-ltr-global/cpp_coordinates_all_periods.csv (840 registros)
Exportado (polaridad corregida): <QUEVOTAN-DB>\reproduce\out\final-2026-08-21\us-dyn-5p\modern-ltr-global/cpp_coordinates_all_periods_corrected.csv (840 registros)
Exportado: <QUEVOTAN-DB>\reproduce\out\final-2026-08-21\us-dyn-5p\modern-ltr-global/cpp_bill_parameters.csv (2940 roll calls)
Exportado: <QUEVOTAN-DB>\reproduce\out\final-2026-08-21\us-dyn-5p\modern-ltr-global/cpp_summary.csv
Exportado: <QUEVOTAN-DB>\reproduce\out\final-2026-08-21\us-dyn-5p\modern-ltr-global/cpp_convergence_trace.csv
Exportado: <QUEVOTAN-DB>\reproduce\out\final-2026-08-21\us-dyn-5p\modern-ltr-global/cpp_optimizer_trace.csv

Completado exitosamente.
EXIT=0 ELAPSED_S=11.42
