=== ltr us-dyn-5p model=1 periods=5 scalar=local start 2026-08-20T12:20:55 ===
binary: C:\Users\cow\Documents\GitHub\dwnominate-chile-julio-ltr\engine-modern\build\release\dwnominate-modern.exe
============================================================
  DW-NOMINATE C++ CLI
============================================================

Configuracion:
  Input:      C:\Users\cow\Documents\GitHub\quevotan-api\nominate_cmodule\benchmarks\us\cpp_input
  Output:     C:\Users\cow\Documents\GitHub\quevotan-db\reproduce\out\final-2026-08-21\us-dyn-5p\modern-ltr-local
  WNOMINATE:  C:\Users\cow\Documents\GitHub\quevotan-api\nominate_cmodule\benchmarks\us\cpp_input\wnominate_coordinates.csv
  Modelo:     1 (lineal)
  Iteraciones:4
  Periodos:   5
  Dimensiones:2
  Beta:       5.9539
  W2:         0.3463

  Redondeo:   precision completa
  NLopt:      standard (xtol=1e-08, ftol=1e-10)
  Maxeval:    scalar=120, rollcall=400, legislador=600
  Solver:     slsqp (fallback COBYLA)
  Escalares:  local (caja SIGMAS/WINT)
  Schedule:   fijo
  Threads:    1

Cargando datos...
  Ref. R:     output_R_dwnominate_model1
  Pesos iniciales: W1=1.0, W2=0.3463, Beta=5.9539
  W-NOMINATE: Cargadas 168 coordenadas iniciales desde C:\Users\cow\Documents\GitHub\quevotan-api\nominate_cmodule\benchmarks\us\cpp_input\wnominate_coordinates.csv
  Coordenadas aplicadas: 0 per-(leg,periodo), 523 per-legislador, 0 fallback
dwnominate-modern.exe : Advertencia: No se puede abrir output_R_dwnominate_model1/dwnominate_bill_parameters.csv
At line:24 char:7
+       & "$bld\dwnominate-modern.exe" "--input-dir=$($pn.inp)" "--outp ...
+       ~~~~~~~~~~~~~~~~~~~~~~~~~~~~~~~~~~~~~~~~~~~~~~~~~~~~~~~~~~~~~~~
    + CategoryInfo          : NotSpecified: (Advertencia: No..._parameters.csv:String) [], RemoteException
    + FullyQualifiedErrorId : NativeCommandError
 
  Legisladores: 523
  Roll calls:   2940

Ejecutando DW-NOMINATE...
[TIMING iter 1] WINT=0.126302s, SIGMAS=0.126051s, RC=2.44276s, LEG=0.595721s, LL=-45834.5, Total=3.3778s
[TIMING iter 2] WINT=0.240083s, SIGMAS=0.274882s, RC=4.53718s, LEG=1.08009s, LL=-37904.3, Total=6.3059s
[TIMING iter 3] WINT=0.343027s, SIGMAS=0.394255s, RC=6.41784s, LEG=1.52788s, LL=-36892.4, Total=8.94306s
[TIMING iter 4] WINT=0.438379s, SIGMAS=0.506013s, RC=8.28309s, LEG=2.22394s, LL=-36401.2, Total=11.8022s

========== RESUMEN DE TIEMPOS ==========
  WINT (pesos):      0.438379 segundos
  SIGMAS (beta):     0.506013 segundos
  RC (roll calls):   8.28309 segundos
  LEG (legisladores):2.22394 segundos
  TOTAL FASES:       11.4514 segundos
==========================================


Resultados:
  Log-likelihood: -36401.2299
  Iteraciones:    4
  Clasificacion:  228378/244247 (93.50%)
  W1=1.0000, W2=0.5519, Beta=5.9607
  Tiempo: 11.9s

Exportando resultados...
Exportado: C:\Users\cow\Documents\GitHub\quevotan-db\reproduce\out\final-2026-08-21\us-dyn-5p\modern-ltr-local/cpp_coordinates_all_periods.csv (840 registros)
Exportado (polaridad corregida): C:\Users\cow\Documents\GitHub\quevotan-db\reproduce\out\final-2026-08-21\us-dyn-5p\modern-ltr-local/cpp_coordinates_all_periods_corrected.csv (840 registros)
Exportado: C:\Users\cow\Documents\GitHub\quevotan-db\reproduce\out\final-2026-08-21\us-dyn-5p\modern-ltr-local/cpp_bill_parameters.csv (2940 roll calls)
Exportado: C:\Users\cow\Documents\GitHub\quevotan-db\reproduce\out\final-2026-08-21\us-dyn-5p\modern-ltr-local/cpp_summary.csv
Exportado: C:\Users\cow\Documents\GitHub\quevotan-db\reproduce\out\final-2026-08-21\us-dyn-5p\modern-ltr-local/cpp_convergence_trace.csv
Exportado: C:\Users\cow\Documents\GitHub\quevotan-db\reproduce\out\final-2026-08-21\us-dyn-5p\modern-ltr-local/cpp_optimizer_trace.csv

Completado exitosamente.
EXIT=0 ELAPSED_S=11.96
