=== audit p21 scalar=global start 2026-08-20T12:12:18 ===
binary: C:\Users\cow\Documents\GitHub\dwnominate-chile-julio-audit\engine-modern\build\release\dwnominate-modern.exe
============================================================
  DW-NOMINATE C++ CLI
============================================================

Configuracion:
  Input:      C:\Users\cow\Documents\GitHub\quevotan-db\reproduce\out\chile\static_panels\p21
  Output:     C:\Users\cow\Documents\GitHub\quevotan-db\reproduce\out\final-2026-08-21\chile-static-p21\modern-audit-global
  WNOMINATE:  C:\Users\cow\Documents\GitHub\quevotan-db\reproduce\out\chile\static_panels\p21\wnominate_coordinates.csv
  Modelo:     0 (constante)
  Iteraciones:4
  Periodos:   1
  Dimensiones:2
  Beta:       5.9539
  W2:         0.3463

  Redondeo:   precision completa
  NLopt:      standard (xtol=1e-08, ftol=1e-10)
  Maxeval:    scalar=120, rollcall=400, legislador=600
  Solver:     slsqp (fallback COBYLA)
  Escalares:  global (caja global experimental)
  Modo:       estimacion
  Schedule:   fijo
  Threads:    1

Cargando datos...
  Ref. R:     output_R_dwnominate_model0
  Legisladores filtrados (sin votos no-missing en ningun periodo): 185 de 340 totales
  Pesos iniciales: W1=1.0, W2=0.3463, Beta=5.9539
  W-NOMINATE: Cargadas 155 coordenadas iniciales desde C:\Users\cow\Documents\GitHub\quevotan-db\reproduce\out\chile\static_panels\p21\wnominate_coordinates.csv
  Coordenadas aplicadas: 0 per-(leg,periodo), 155 per-legislador, 0 fallback
dwnominate-modern.exe : Advertencia: No se puede abrir output_R_dwnominate_model0/dwnominate_bill_parameters.csv
At line:22 char:7
+       & "$bld\dwnominate-modern.exe" "--input-dir=$in" "--output-dir= ...
+       ~~~~~~~~~~~~~~~~~~~~~~~~~~~~~~~~~~~~~~~~~~~~~~~~~~~~~~~~~~~~~~~
    + CategoryInfo          : NotSpecified: (Advertencia: No..._parameters.csv:String) [], RemoteException
    + FullyQualifiedErrorId : NativeCommandError
 
  Legisladores: 155
  Roll calls:   716

Ejecutando DW-NOMINATE...
[TIMING iter 1] WINT=0.0188238s, SIGMAS=0.0265077s, RC=0.327702s, LEG=0.0672725s, LL=-34674.4, Total=0.457142s
[TIMING iter 2] WINT=0.0320074s, SIGMAS=0.0546154s, RC=0.69271s, LEG=0.145325s, LL=-9496.42, Total=0.95941s
[TIMING iter 3] WINT=0.0474476s, SIGMAS=0.0864635s, RC=1.05645s, LEG=0.233773s, LL=-7130.92, Total=1.47683s
[TIMING iter 4] WINT=0.0649731s, SIGMAS=0.117011s, RC=1.40114s, LEG=0.319145s, LL=-6393.65, Total=1.97381s

========== RESUMEN DE TIEMPOS ==========
  WINT (pesos):      0.0649731 segundos
  SIGMAS (beta):     0.117011 segundos
  RC (roll calls):   1.40114 segundos
  LEG (legisladores):0.319145 segundos
  TOTAL FASES:       1.90227 segundos
==========================================


Resultados:
  Log-likelihood: -6393.6472
  Iteraciones:    4
  Clasificacion:  49458/52079 (94.97%)
  W1=1.0000, W2=0.6370, Beta=3.9813
  Tiempo: 2.0s

Exportando resultados...
Exportado: C:\Users\cow\Documents\GitHub\quevotan-db\reproduce\out\final-2026-08-21\chile-static-p21\modern-audit-global/cpp_coordinates_all_periods.csv (155 registros)
Exportado (polaridad corregida): C:\Users\cow\Documents\GitHub\quevotan-db\reproduce\out\final-2026-08-21\chile-static-p21\modern-audit-global/cpp_coordinates_all_periods_corrected.csv (155 registros)
Exportado: C:\Users\cow\Documents\GitHub\quevotan-db\reproduce\out\final-2026-08-21\chile-static-p21\modern-audit-global/cpp_bill_parameters.csv (716 roll calls)
Exportado: C:\Users\cow\Documents\GitHub\quevotan-db\reproduce\out\final-2026-08-21\chile-static-p21\modern-audit-global/cpp_summary.csv
Exportado: C:\Users\cow\Documents\GitHub\quevotan-db\reproduce\out\final-2026-08-21\chile-static-p21\modern-audit-global/cpp_convergence_trace.csv
Exportado: C:\Users\cow\Documents\GitHub\quevotan-db\reproduce\out\final-2026-08-21\chile-static-p21\modern-audit-global/cpp_optimizer_trace.csv

Completado exitosamente.
EXIT=0 ELAPSED_S=2.05
