=== audit p8 scalar=global start 2026-08-20T12:12:15 ===
binary: C:\Users\cow\Documents\GitHub\dwnominate-chile-julio-audit\engine-modern\build\release\dwnominate-modern.exe
============================================================
  DW-NOMINATE C++ CLI
============================================================

Configuracion:
  Input:      C:\Users\cow\Documents\GitHub\quevotan-db\reproduce\out\chile\static_panels\p8
  Output:     C:\Users\cow\Documents\GitHub\quevotan-db\reproduce\out\final-2026-08-21\chile-static-p8\modern-audit-global
  WNOMINATE:  C:\Users\cow\Documents\GitHub\quevotan-db\reproduce\out\chile\static_panels\p8\wnominate_coordinates.csv
  Modelo:     0 (constante)
  Iteraciones:4
  Periodos:   1
  Dimensiones:2
  Beta:       5.9539
  W2:         0.3463

  Redondeo:   precision completa
  NLopt:      standard (xtol=1e-08, ftol=1e-10)
  Maxeval:    scalar=120, rollcall=400, legislador=600
  Solver:     slsqp (fallback COBYLA)
  Escalares:  global (caja global experimental)
  Modo:       estimacion
  Schedule:   fijo
  Threads:    1

Cargando datos...
  Ref. R:     output_R_dwnominate_model0
  Legisladores filtrados (sin votos no-missing en ningun periodo): 219 de 340 totales
  Pesos iniciales: W1=1.0, W2=0.3463, Beta=5.9539
  W-NOMINATE: Cargadas 115 coordenadas iniciales desde C:\Users\cow\Documents\GitHub\quevotan-db\reproduce\out\chile\static_panels\p8\wnominate_coordinates.csv
  Coordenadas aplicadas: 0 per-(leg,periodo), 115 per-legislador, 6 fallback
dwnominate-modern.exe : Advertencia: No se puede abrir output_R_dwnominate_model0/dwnominate_bill_parameters.csv
At line:22 char:7
+       & "$bld\dwnominate-modern.exe" "--input-dir=$in" "--output-dir= ...
+       ~~~~~~~~~~~~~~~~~~~~~~~~~~~~~~~~~~~~~~~~~~~~~~~~~~~~~~~~~~~~~~~
    + CategoryInfo          : NotSpecified: (Advertencia: No..._parameters.csv:String) [], RemoteException
    + FullyQualifiedErrorId : NativeCommandError
 
  Legisladores: 121
  Roll calls:   298

Ejecutando DW-NOMINATE...
[TIMING iter 1] WINT=0.0041052s, SIGMAS=0.003794s, RC=0.0725847s, LEG=0.0103748s, LL=-3222.29, Total=0.093654s
[TIMING iter 2] WINT=0.0065134s, SIGMAS=0.0090489s, RC=0.135057s, LEG=0.0253708s, LL=-1457.17, Total=0.181708s
[TIMING iter 3] WINT=0.0099206s, SIGMAS=0.0145294s, RC=0.197399s, LEG=0.0399292s, LL=-1220.29, Total=0.270409s
[TIMING iter 4] WINT=0.0127066s, SIGMAS=0.0194517s, RC=0.259839s, LEG=0.056199s, LL=-1145.11, Total=0.359711s

========== RESUMEN DE TIEMPOS ==========
  WINT (pesos):      0.0127066 segundos
  SIGMAS (beta):     0.0194517 segundos
  RC (roll calls):   0.259839 segundos
  LEG (legisladores):0.056199 segundos
  TOTAL FASES:       0.348196 segundos
==========================================


Resultados:
  Log-likelihood: -1145.1051
  Iteraciones:    4
  Clasificacion:  7371/7858 (93.80%)
  W1=1.0000, W2=0.6411, Beta=4.5614
  Tiempo: 0.4s

Exportando resultados...
Exportado: C:\Users\cow\Documents\GitHub\quevotan-db\reproduce\out\final-2026-08-21\chile-static-p8\modern-audit-global/cpp_coordinates_all_periods.csv (121 registros)
Exportado (polaridad corregida): C:\Users\cow\Documents\GitHub\quevotan-db\reproduce\out\final-2026-08-21\chile-static-p8\modern-audit-global/cpp_coordinates_all_periods_corrected.csv (121 registros)
Exportado: C:\Users\cow\Documents\GitHub\quevotan-db\reproduce\out\final-2026-08-21\chile-static-p8\modern-audit-global/cpp_bill_parameters.csv (298 roll calls)
Exportado: C:\Users\cow\Documents\GitHub\quevotan-db\reproduce\out\final-2026-08-21\chile-static-p8\modern-audit-global/cpp_summary.csv
Exportado: C:\Users\cow\Documents\GitHub\quevotan-db\reproduce\out\final-2026-08-21\chile-static-p8\modern-audit-global/cpp_convergence_trace.csv
Exportado: C:\Users\cow\Documents\GitHub\quevotan-db\reproduce\out\final-2026-08-21\chile-static-p8\modern-audit-global/cpp_optimizer_trace.csv

Completado exitosamente.
EXIT=0 ELAPSED_S=0.4
